num_2 double precision; time bigint; count_nUm_1_ numeric
2;1257894000000000000;1
3;1257894000000000000;1
10;1257894000000000000;1
8;1257894000000000000;1
9;1257894000000000000;1
7;1257987600000000000;1
4;1257894000000000000;1
5;1257897600000000000;1
6;1257987600000000000;1
1;1257894000000000000;1
