time bigint; count_nUm_1_ numeric
1257897600000000000;1
1257894000000000000;7
1257987600000000000;2
