time bigint; sum_nUm_1_ double precision
1257987600000000000;3
1257897600000000000;1.5
1257894000000000000;10.5
