time bigint; sum_nUm_1_ double precision
1257987600000000000;3
