num_2 double precision; time bigint; count_nUm_1_ numeric
7;1257987600000000000;1
6;1257987600000000000;1
