time bigint; nUm_1 double precision; string_2 text
1257987600000000000;1.5;one
1257987600000000000;1.5;two
1257897600000000000;1.5;five
1257894002000000000;1.5;three
1257894001000000000;1.5;four
