time bigint; string_1 text
1257987600000000000;const
1257987600000000000;const
1257897600000000000;const
1257894002000000000;const
1257894001000000000;const
1257894000000001000;const
1257894000000000000;const
1257894000000000000;const
1257894000000000000;const
1257894000000000000;const
