time bigint; max_nUm_1_ double precision
1257897600000000000;1.5
1257894000000000000;1.5
1257987600000000000;1.5
