time bigint; nUm_1 double precision; device_id text
