time bigint; bool_1 boolean
1257987600000000000;f
1257987600000000000;t
1257897600000000000;f
1257894002000000000;t
1257894001000000000;t
1257894000000001000;t
1257894000000000000;t
1257894000000000000;f
1257894000000000000;t
1257894000000000000;t
