num_2 double precision; time bigint; count_nUm_1_ numeric
9;1257120000000000000;1
7;1257120000000000000;1
8;1257120000000000000;1
10;1257120000000000000;1
4;1257120000000000000;1
2;1257120000000000000;1
3;1257120000000000000;1
5;1257120000000000000;1
1;1257120000000000000;1
6;1257120000000000000;1
