time bigint; nUm_1 double precision
1257987600000000000;1.5
1257987600000000000;1.5
1257897600000000000;1.5
1257894002000000000;1.5
1257894001000000000;1.5
1257894000000001000;1.5
1257894000000000000;1.5
1257894000000000000;1.5
1257894000000000000;1.5
1257894000000000000;1.5
