time bigint; sum_nUm_1_ double precision
1257120000000000000;15
