time bigint; count_nUm_1_ numeric
1257120000000000000;10
