string_2 text; time bigint; count_nUm_1_ numeric
four;1257120000000000000;1
two;1257120000000000000;3
one;1257120000000000000;3
three;1257120000000000000;2
five;1257120000000000000;1
