psql:include/create_clustered_db.sql:12: NOTICE:  00000: installing required extension "dblink"
LOCATION:  CreateExtensionInternal, extension.c:1441
psql:include/create_clustered_db.sql:12: NOTICE:  00000: installing required extension "postgres_fdw"
LOCATION:  CreateExtensionInternal, extension.c:1441
psql:include/create_clustered_db.sql:12: NOTICE:  00000: installing required extension "hstore"
LOCATION:  CreateExtensionInternal, extension.c:1441
 setup_meta 
------------
 
(1 row)

psql:include/create_clustered_db.sql:16: NOTICE:  00000: installing required extension "dblink"
LOCATION:  CreateExtensionInternal, extension.c:1441
psql:include/create_clustered_db.sql:16: NOTICE:  00000: installing required extension "postgres_fdw"
LOCATION:  CreateExtensionInternal, extension.c:1441
psql:include/create_clustered_db.sql:16: NOTICE:  00000: installing required extension "hstore"
LOCATION:  CreateExtensionInternal, extension.c:1441
 setup_main 
------------
 
(1 row)

psql:include/create_clustered_db.sql:20: NOTICE:  00000: installing required extension "dblink"
LOCATION:  CreateExtensionInternal, extension.c:1441
psql:include/create_clustered_db.sql:20: NOTICE:  00000: installing required extension "postgres_fdw"
LOCATION:  CreateExtensionInternal, extension.c:1441
psql:include/create_clustered_db.sql:20: NOTICE:  00000: installing required extension "hstore"
LOCATION:  CreateExtensionInternal, extension.c:1441
 setup_main 
------------
 
(1 row)

\c meta
SELECT add_cluster_user('postgres', NULL);
 add_cluster_user 
------------------
 
(1 row)

SELECT set_meta('meta' :: NAME, 'localhost');
 set_meta 
----------
 
(1 row)

SELECT add_node('Test1' :: NAME, 'localhost');
 add_node 
----------
 
(1 row)

SELECT add_node('test2' :: NAME, 'localhost');
 add_node 
----------
 
(1 row)

\c Test1
create schema test_schema;
create table test_schema.test_table(time bigint, temp float8, device_id text);
\dt "test_schema".*
              List of relations
   Schema    |    Name    | Type  |  Owner   
-------------+------------+-------+----------
 test_schema | test_table | table | postgres
(1 row)

select * from create_hypertable('test_schema.test_table', 'time', 'device_id');
 create_hypertable 
-------------------
 
(1 row)

\C test2
\dt "test_schema".*
              List of relations
   Schema    |    Name    | Type  |  Owner   
-------------+------------+-------+----------
 test_schema | test_table | table | postgres
(1 row)

