psql:include/create_clustered_db.sql:12: NOTICE:  installing required extension "dblink"
psql:include/create_clustered_db.sql:12: NOTICE:  installing required extension "postgres_fdw"
psql:include/create_clustered_db.sql:12: NOTICE:  installing required extension "hstore"
psql:include/create_clustered_db.sql:17: NOTICE:  installing required extension "dblink"
psql:include/create_clustered_db.sql:17: NOTICE:  installing required extension "postgres_fdw"
psql:include/create_clustered_db.sql:17: NOTICE:  installing required extension "hstore"
psql:include/create_clustered_db.sql:23: NOTICE:  installing required extension "dblink"
psql:include/create_clustered_db.sql:23: NOTICE:  installing required extension "postgres_fdw"
psql:include/create_clustered_db.sql:23: NOTICE:  installing required extension "hstore"
\c test2
SELECT * FROM "testNs";
     timeCustom      | device_id | series_0 | series_1 | series_2 | series_bool 
---------------------+-----------+----------+----------+----------+-------------
 1257894000000000000 | dev1      |      1.5 |        1 |        2 | t
 1257894000000000000 | dev1      |      1.5 |        2 |          | 
 1257894000000001000 | dev1      |      2.5 |        3 |          | 
 1257894001000000000 | dev1      |      3.5 |        4 |          | 
 1257897600000000000 | dev1      |      4.5 |        5 |          | f
 1257894002000000000 | dev1      |      2.5 |        3 |          | 
 1257987600000000000 | dev1      |      1.5 |        1 |          | 
 1257987600000000000 | dev1      |      1.5 |        2 |          | 
 1257894000000000000 | dev20     |      1.5 |        1 |          | 
 1257894000000000000 | dev20     |      1.5 |        2 |          | 
(10 rows)

DELETE FROM "testNs" WHERE series_0 = 1.5;
DELETE FROM "testNs" WHERE series_0 = 100;
SELECT * FROM "testNs";
     timeCustom      | device_id | series_0 | series_1 | series_2 | series_bool 
---------------------+-----------+----------+----------+----------+-------------
 1257894000000001000 | dev1      |      2.5 |        3 |          | 
 1257894001000000000 | dev1      |      3.5 |        4 |          | 
 1257897600000000000 | dev1      |      4.5 |        5 |          | f
 1257894002000000000 | dev1      |      2.5 |        3 |          | 
(4 rows)

