psql:include/create_clustered_db.sql:12: NOTICE:  00000: installing required extension "dblink"
LOCATION:  CreateExtensionInternal, extension.c:1441
psql:include/create_clustered_db.sql:12: NOTICE:  00000: installing required extension "postgres_fdw"
LOCATION:  CreateExtensionInternal, extension.c:1441
psql:include/create_clustered_db.sql:12: NOTICE:  00000: installing required extension "hstore"
LOCATION:  CreateExtensionInternal, extension.c:1441
psql:include/create_clustered_db.sql:17: NOTICE:  00000: installing required extension "dblink"
LOCATION:  CreateExtensionInternal, extension.c:1441
psql:include/create_clustered_db.sql:17: NOTICE:  00000: installing required extension "postgres_fdw"
LOCATION:  CreateExtensionInternal, extension.c:1441
psql:include/create_clustered_db.sql:17: NOTICE:  00000: installing required extension "hstore"
LOCATION:  CreateExtensionInternal, extension.c:1441
psql:include/create_clustered_db.sql:23: NOTICE:  00000: installing required extension "dblink"
LOCATION:  CreateExtensionInternal, extension.c:1441
psql:include/create_clustered_db.sql:23: NOTICE:  00000: installing required extension "postgres_fdw"
LOCATION:  CreateExtensionInternal, extension.c:1441
psql:include/create_clustered_db.sql:23: NOTICE:  00000: installing required extension "hstore"
LOCATION:  CreateExtensionInternal, extension.c:1441
\c meta
SELECT add_cluster_user('postgres', NULL);
 add_cluster_user 
------------------
 
(1 row)

SELECT set_meta('meta' :: NAME, 'localhost');
 set_meta 
----------
 
(1 row)

SELECT add_node('Test1' :: NAME, 'localhost');
 add_node 
----------
 
(1 row)

SELECT add_node('test2' :: NAME, 'localhost');
 add_node 
----------
 
(1 row)

\c Test1
CREATE TABLE PUBLIC.drop_chunk_test1(time bigint, temp float8, device_id text);
CREATE TABLE PUBLIC.drop_chunk_test2(time bigint, temp float8, device_id text);
SELECT create_hypertable('public.drop_chunk_test1', 'time', 'device_id', chunk_size_bytes => 10000);
 create_hypertable 
-------------------
 
(1 row)

SELECT create_hypertable('public.drop_chunk_test2', 'time', 'device_id', chunk_size_bytes => 10000);
 create_hypertable 
-------------------
 
(1 row)

SELECT c.id AS chunk_id, pr.partition_id, pr.hypertable_id, crn.schema_name AS chunk_schema, crn.table_name AS chunk_table, c.start_time, c.end_time
FROM _iobeamdb_catalog.chunk c
INNER JOIN _iobeamdb_catalog.chunk_replica_node crn ON (c.id = crn.chunk_id)
INNER JOIN _iobeamdb_catalog.partition_replica pr ON (pr.id = crn.partition_replica_id)
INNER JOIN _iobeamdb_catalog.hypertable h ON (h.id = pr.hypertable_id)
WHERE h.schema_name = 'public' AND (h.table_name = 'drop_chunk_test1' OR h.table_name = 'drop_chunk_test2');
 chunk_id | partition_id | hypertable_id | chunk_schema | chunk_table | start_time | end_time 
----------+--------------+---------------+--------------+-------------+------------+----------
(0 rows)

\dt "_iobeamdb_internal".*
                       List of relations
       Schema       |          Name          | Type  |  Owner   
--------------------+------------------------+-------+----------
 _iobeamdb_internal | _hyper_1_0_distinct    | table | postgres
 _iobeamdb_internal | _hyper_1_0_replica     | table | postgres
 _iobeamdb_internal | _hyper_1_1_0_partition | table | postgres
 _iobeamdb_internal | _hyper_1_2_0_partition | table | postgres
 _iobeamdb_internal | _hyper_1_distinct      | table | postgres
 _iobeamdb_internal | _hyper_1_root          | table | postgres
 _iobeamdb_internal | _hyper_2_0_distinct    | table | postgres
 _iobeamdb_internal | _hyper_2_0_replica     | table | postgres
 _iobeamdb_internal | _hyper_2_3_0_partition | table | postgres
 _iobeamdb_internal | _hyper_2_4_0_partition | table | postgres
 _iobeamdb_internal | _hyper_2_distinct      | table | postgres
 _iobeamdb_internal | _hyper_2_root          | table | postgres
(12 rows)

SELECT  _iobeamdb_catalog.get_partition_for_key('dev1', 32768);
 get_partition_for_key 
-----------------------
                 14660
(1 row)

SELECT  _iobeamdb_catalog.get_partition_for_key('dev7', 32768);
 get_partition_for_key 
-----------------------
                 21278
(1 row)

INSERT INTO PUBLIC.drop_chunk_test1 VALUES(1, 1.0, 'dev1');
INSERT INTO PUBLIC.drop_chunk_test1 VALUES(2, 2.0, 'dev1');
INSERT INTO PUBLIC.drop_chunk_test1 VALUES(3, 3.0, 'dev1');
INSERT INTO PUBLIC.drop_chunk_test1 VALUES(4, 4.0, 'dev7');
INSERT INTO PUBLIC.drop_chunk_test1 VALUES(5, 5.0, 'dev7');
INSERT INTO PUBLIC.drop_chunk_test1 VALUES(6, 6.0, 'dev7');
INSERT INTO PUBLIC.drop_chunk_test2 VALUES(1, 1.0, 'dev1');
INSERT INTO PUBLIC.drop_chunk_test2 VALUES(2, 2.0, 'dev1');
INSERT INTO PUBLIC.drop_chunk_test2 VALUES(3, 3.0, 'dev1');
INSERT INTO PUBLIC.drop_chunk_test2 VALUES(4, 4.0, 'dev7');
INSERT INTO PUBLIC.drop_chunk_test2 VALUES(5, 5.0, 'dev7');
INSERT INTO PUBLIC.drop_chunk_test2 VALUES(6, 6.0, 'dev7');
SELECT c.id AS chunk_id, pr.partition_id, pr.hypertable_id, crn.schema_name AS chunk_schema, crn.table_name AS chunk_table, c.start_time, c.end_time
FROM _iobeamdb_catalog.chunk c
INNER JOIN _iobeamdb_catalog.chunk_replica_node crn ON (c.id = crn.chunk_id)
INNER JOIN _iobeamdb_catalog.partition_replica pr ON (pr.id = crn.partition_replica_id)
INNER JOIN _iobeamdb_catalog.hypertable h ON (h.id = pr.hypertable_id)
WHERE h.schema_name = 'public' AND (h.table_name = 'drop_chunk_test1' OR h.table_name = 'drop_chunk_test2');
 chunk_id | partition_id | hypertable_id |    chunk_schema    |     chunk_table      | start_time | end_time 
----------+--------------+---------------+--------------------+----------------------+------------+----------
        1 |            1 |             1 | _iobeamdb_internal | _hyper_1_1_0_1_data  |            |        1
        2 |            1 |             1 | _iobeamdb_internal | _hyper_1_1_0_2_data  |          2 |        2
        3 |            1 |             1 | _iobeamdb_internal | _hyper_1_1_0_3_data  |          3 |         
        4 |            2 |             1 | _iobeamdb_internal | _hyper_1_2_0_4_data  |            |        4
        5 |            2 |             1 | _iobeamdb_internal | _hyper_1_2_0_5_data  |          5 |        5
        6 |            2 |             1 | _iobeamdb_internal | _hyper_1_2_0_6_data  |          6 |         
        7 |            3 |             2 | _iobeamdb_internal | _hyper_2_3_0_7_data  |            |        1
        8 |            3 |             2 | _iobeamdb_internal | _hyper_2_3_0_8_data  |          2 |        2
        9 |            3 |             2 | _iobeamdb_internal | _hyper_2_3_0_9_data  |          3 |         
       10 |            4 |             2 | _iobeamdb_internal | _hyper_2_4_0_10_data |            |        4
       11 |            4 |             2 | _iobeamdb_internal | _hyper_2_4_0_11_data |          5 |        5
       12 |            4 |             2 | _iobeamdb_internal | _hyper_2_4_0_12_data |          6 |         
(12 rows)

SELECT * FROM _iobeamdb_catalog.chunk_replica_node;
 chunk_id | partition_replica_id | database_name |    schema_name     |      table_name      
----------+----------------------+---------------+--------------------+----------------------
        1 |                    1 | test2         | _iobeamdb_internal | _hyper_1_1_0_1_data
        2 |                    1 | test2         | _iobeamdb_internal | _hyper_1_1_0_2_data
        3 |                    1 | test2         | _iobeamdb_internal | _hyper_1_1_0_3_data
        4 |                    2 | Test1         | _iobeamdb_internal | _hyper_1_2_0_4_data
        5 |                    2 | Test1         | _iobeamdb_internal | _hyper_1_2_0_5_data
        6 |                    2 | Test1         | _iobeamdb_internal | _hyper_1_2_0_6_data
        7 |                    3 | Test1         | _iobeamdb_internal | _hyper_2_3_0_7_data
        8 |                    3 | Test1         | _iobeamdb_internal | _hyper_2_3_0_8_data
        9 |                    3 | Test1         | _iobeamdb_internal | _hyper_2_3_0_9_data
       10 |                    4 | test2         | _iobeamdb_internal | _hyper_2_4_0_10_data
       11 |                    4 | test2         | _iobeamdb_internal | _hyper_2_4_0_11_data
       12 |                    4 | test2         | _iobeamdb_internal | _hyper_2_4_0_12_data
(12 rows)

\dt "_iobeamdb_internal".*
                         List of relations
       Schema       |            Name            | Type  |  Owner   
--------------------+----------------------------+-------+----------
 _iobeamdb_internal | _hyper_1_0_1_distinct_data | table | postgres
 _iobeamdb_internal | _hyper_1_0_distinct        | table | postgres
 _iobeamdb_internal | _hyper_1_0_replica         | table | postgres
 _iobeamdb_internal | _hyper_1_1_0_partition     | table | postgres
 _iobeamdb_internal | _hyper_1_2_0_4_data        | table | postgres
 _iobeamdb_internal | _hyper_1_2_0_5_data        | table | postgres
 _iobeamdb_internal | _hyper_1_2_0_6_data        | table | postgres
 _iobeamdb_internal | _hyper_1_2_0_partition     | table | postgres
 _iobeamdb_internal | _hyper_1_distinct          | table | postgres
 _iobeamdb_internal | _hyper_1_root              | table | postgres
 _iobeamdb_internal | _hyper_2_0_1_distinct_data | table | postgres
 _iobeamdb_internal | _hyper_2_0_distinct        | table | postgres
 _iobeamdb_internal | _hyper_2_0_replica         | table | postgres
 _iobeamdb_internal | _hyper_2_3_0_7_data        | table | postgres
 _iobeamdb_internal | _hyper_2_3_0_8_data        | table | postgres
 _iobeamdb_internal | _hyper_2_3_0_9_data        | table | postgres
 _iobeamdb_internal | _hyper_2_3_0_partition     | table | postgres
 _iobeamdb_internal | _hyper_2_4_0_partition     | table | postgres
 _iobeamdb_internal | _hyper_2_distinct          | table | postgres
 _iobeamdb_internal | _hyper_2_root              | table | postgres
(20 rows)

\c test2
SELECT c.id AS chunk_id, pr.partition_id, pr.hypertable_id, crn.schema_name AS chunk_schema, crn.table_name AS chunk_table, c.start_time, c.end_time
FROM _iobeamdb_catalog.chunk c
INNER JOIN _iobeamdb_catalog.chunk_replica_node crn ON (c.id = crn.chunk_id)
INNER JOIN _iobeamdb_catalog.partition_replica pr ON (pr.id = crn.partition_replica_id)
INNER JOIN _iobeamdb_catalog.hypertable h ON (h.id = pr.hypertable_id)
WHERE h.schema_name = 'public' AND (h.table_name = 'drop_chunk_test1' OR h.table_name = 'drop_chunk_test2');
 chunk_id | partition_id | hypertable_id |    chunk_schema    |     chunk_table      | start_time | end_time 
----------+--------------+---------------+--------------------+----------------------+------------+----------
        1 |            1 |             1 | _iobeamdb_internal | _hyper_1_1_0_1_data  |            |        1
        2 |            1 |             1 | _iobeamdb_internal | _hyper_1_1_0_2_data  |          2 |        2
        3 |            1 |             1 | _iobeamdb_internal | _hyper_1_1_0_3_data  |          3 |         
        4 |            2 |             1 | _iobeamdb_internal | _hyper_1_2_0_4_data  |            |        4
        5 |            2 |             1 | _iobeamdb_internal | _hyper_1_2_0_5_data  |          5 |        5
        6 |            2 |             1 | _iobeamdb_internal | _hyper_1_2_0_6_data  |          6 |         
        7 |            3 |             2 | _iobeamdb_internal | _hyper_2_3_0_7_data  |            |        1
        8 |            3 |             2 | _iobeamdb_internal | _hyper_2_3_0_8_data  |          2 |        2
        9 |            3 |             2 | _iobeamdb_internal | _hyper_2_3_0_9_data  |          3 |         
       10 |            4 |             2 | _iobeamdb_internal | _hyper_2_4_0_10_data |            |        4
       11 |            4 |             2 | _iobeamdb_internal | _hyper_2_4_0_11_data |          5 |        5
       12 |            4 |             2 | _iobeamdb_internal | _hyper_2_4_0_12_data |          6 |         
(12 rows)

SELECT * FROM _iobeamdb_catalog.chunk_replica_node;
 chunk_id | partition_replica_id | database_name |    schema_name     |      table_name      
----------+----------------------+---------------+--------------------+----------------------
        1 |                    1 | test2         | _iobeamdb_internal | _hyper_1_1_0_1_data
        2 |                    1 | test2         | _iobeamdb_internal | _hyper_1_1_0_2_data
        3 |                    1 | test2         | _iobeamdb_internal | _hyper_1_1_0_3_data
        4 |                    2 | Test1         | _iobeamdb_internal | _hyper_1_2_0_4_data
        5 |                    2 | Test1         | _iobeamdb_internal | _hyper_1_2_0_5_data
        6 |                    2 | Test1         | _iobeamdb_internal | _hyper_1_2_0_6_data
        7 |                    3 | Test1         | _iobeamdb_internal | _hyper_2_3_0_7_data
        8 |                    3 | Test1         | _iobeamdb_internal | _hyper_2_3_0_8_data
        9 |                    3 | Test1         | _iobeamdb_internal | _hyper_2_3_0_9_data
       10 |                    4 | test2         | _iobeamdb_internal | _hyper_2_4_0_10_data
       11 |                    4 | test2         | _iobeamdb_internal | _hyper_2_4_0_11_data
       12 |                    4 | test2         | _iobeamdb_internal | _hyper_2_4_0_12_data
(12 rows)

\dt "_iobeamdb_internal".*
                         List of relations
       Schema       |            Name            | Type  |  Owner   
--------------------+----------------------------+-------+----------
 _iobeamdb_internal | _hyper_1_0_2_distinct_data | table | postgres
 _iobeamdb_internal | _hyper_1_0_distinct        | table | postgres
 _iobeamdb_internal | _hyper_1_0_replica         | table | postgres
 _iobeamdb_internal | _hyper_1_1_0_1_data        | table | postgres
 _iobeamdb_internal | _hyper_1_1_0_2_data        | table | postgres
 _iobeamdb_internal | _hyper_1_1_0_3_data        | table | postgres
 _iobeamdb_internal | _hyper_1_1_0_partition     | table | postgres
 _iobeamdb_internal | _hyper_1_2_0_partition     | table | postgres
 _iobeamdb_internal | _hyper_1_distinct          | table | postgres
 _iobeamdb_internal | _hyper_1_root              | table | postgres
 _iobeamdb_internal | _hyper_2_0_2_distinct_data | table | postgres
 _iobeamdb_internal | _hyper_2_0_distinct        | table | postgres
 _iobeamdb_internal | _hyper_2_0_replica         | table | postgres
 _iobeamdb_internal | _hyper_2_3_0_partition     | table | postgres
 _iobeamdb_internal | _hyper_2_4_0_10_data       | table | postgres
 _iobeamdb_internal | _hyper_2_4_0_11_data       | table | postgres
 _iobeamdb_internal | _hyper_2_4_0_12_data       | table | postgres
 _iobeamdb_internal | _hyper_2_4_0_partition     | table | postgres
 _iobeamdb_internal | _hyper_2_distinct          | table | postgres
 _iobeamdb_internal | _hyper_2_root              | table | postgres
(20 rows)

\c meta
SELECT _iobeamdb_meta.drop_chunks_older_than(2);
 drop_chunks_older_than 
------------------------
 
(1 row)

SELECT c.id AS chunk_id, pr.partition_id, pr.hypertable_id, crn.schema_name AS chunk_schema, crn.table_name AS chunk_table, c.start_time, c.end_time
FROM _iobeamdb_catalog.chunk c
INNER JOIN _iobeamdb_catalog.chunk_replica_node crn ON (c.id = crn.chunk_id)
INNER JOIN _iobeamdb_catalog.partition_replica pr ON (pr.id = crn.partition_replica_id)
INNER JOIN _iobeamdb_catalog.hypertable h ON (h.id = pr.hypertable_id)
WHERE h.schema_name = 'public' AND (h.table_name = 'drop_chunk_test1' OR h.table_name = 'drop_chunk_test2');
 chunk_id | partition_id | hypertable_id |    chunk_schema    |     chunk_table      | start_time | end_time 
----------+--------------+---------------+--------------------+----------------------+------------+----------
        2 |            1 |             1 | _iobeamdb_internal | _hyper_1_1_0_2_data  |          2 |        2
        3 |            1 |             1 | _iobeamdb_internal | _hyper_1_1_0_3_data  |          3 |         
        4 |            2 |             1 | _iobeamdb_internal | _hyper_1_2_0_4_data  |            |        4
        5 |            2 |             1 | _iobeamdb_internal | _hyper_1_2_0_5_data  |          5 |        5
        6 |            2 |             1 | _iobeamdb_internal | _hyper_1_2_0_6_data  |          6 |         
        8 |            3 |             2 | _iobeamdb_internal | _hyper_2_3_0_8_data  |          2 |        2
        9 |            3 |             2 | _iobeamdb_internal | _hyper_2_3_0_9_data  |          3 |         
       10 |            4 |             2 | _iobeamdb_internal | _hyper_2_4_0_10_data |            |        4
       11 |            4 |             2 | _iobeamdb_internal | _hyper_2_4_0_11_data |          5 |        5
       12 |            4 |             2 | _iobeamdb_internal | _hyper_2_4_0_12_data |          6 |         
(10 rows)

SELECT * FROM _iobeamdb_catalog.chunk_replica_node;
 chunk_id | partition_replica_id | database_name |    schema_name     |      table_name      
----------+----------------------+---------------+--------------------+----------------------
        2 |                    1 | test2         | _iobeamdb_internal | _hyper_1_1_0_2_data
        3 |                    1 | test2         | _iobeamdb_internal | _hyper_1_1_0_3_data
        4 |                    2 | Test1         | _iobeamdb_internal | _hyper_1_2_0_4_data
        5 |                    2 | Test1         | _iobeamdb_internal | _hyper_1_2_0_5_data
        6 |                    2 | Test1         | _iobeamdb_internal | _hyper_1_2_0_6_data
        8 |                    3 | Test1         | _iobeamdb_internal | _hyper_2_3_0_8_data
        9 |                    3 | Test1         | _iobeamdb_internal | _hyper_2_3_0_9_data
       10 |                    4 | test2         | _iobeamdb_internal | _hyper_2_4_0_10_data
       11 |                    4 | test2         | _iobeamdb_internal | _hyper_2_4_0_11_data
       12 |                    4 | test2         | _iobeamdb_internal | _hyper_2_4_0_12_data
(10 rows)

\dt "_iobeamdb_internal".*
      List of relations
 Schema | Name | Type | Owner 
--------+------+------+-------
(0 rows)

\c Test1
SELECT c.id AS chunk_id, pr.partition_id, pr.hypertable_id, crn.schema_name AS chunk_schema, crn.table_name AS chunk_table, c.start_time, c.end_time
FROM _iobeamdb_catalog.chunk c
INNER JOIN _iobeamdb_catalog.chunk_replica_node crn ON (c.id = crn.chunk_id)
INNER JOIN _iobeamdb_catalog.partition_replica pr ON (pr.id = crn.partition_replica_id)
INNER JOIN _iobeamdb_catalog.hypertable h ON (h.id = pr.hypertable_id)
WHERE h.schema_name = 'public' AND (h.table_name = 'drop_chunk_test1' OR h.table_name = 'drop_chunk_test2');
 chunk_id | partition_id | hypertable_id |    chunk_schema    |     chunk_table      | start_time | end_time 
----------+--------------+---------------+--------------------+----------------------+------------+----------
        2 |            1 |             1 | _iobeamdb_internal | _hyper_1_1_0_2_data  |          2 |        2
        3 |            1 |             1 | _iobeamdb_internal | _hyper_1_1_0_3_data  |          3 |         
        4 |            2 |             1 | _iobeamdb_internal | _hyper_1_2_0_4_data  |            |        4
        5 |            2 |             1 | _iobeamdb_internal | _hyper_1_2_0_5_data  |          5 |        5
        6 |            2 |             1 | _iobeamdb_internal | _hyper_1_2_0_6_data  |          6 |         
        8 |            3 |             2 | _iobeamdb_internal | _hyper_2_3_0_8_data  |          2 |        2
        9 |            3 |             2 | _iobeamdb_internal | _hyper_2_3_0_9_data  |          3 |         
       10 |            4 |             2 | _iobeamdb_internal | _hyper_2_4_0_10_data |            |        4
       11 |            4 |             2 | _iobeamdb_internal | _hyper_2_4_0_11_data |          5 |        5
       12 |            4 |             2 | _iobeamdb_internal | _hyper_2_4_0_12_data |          6 |         
(10 rows)

SELECT * FROM _iobeamdb_catalog.chunk_replica_node;
 chunk_id | partition_replica_id | database_name |    schema_name     |      table_name      
----------+----------------------+---------------+--------------------+----------------------
        2 |                    1 | test2         | _iobeamdb_internal | _hyper_1_1_0_2_data
        3 |                    1 | test2         | _iobeamdb_internal | _hyper_1_1_0_3_data
        4 |                    2 | Test1         | _iobeamdb_internal | _hyper_1_2_0_4_data
        5 |                    2 | Test1         | _iobeamdb_internal | _hyper_1_2_0_5_data
        6 |                    2 | Test1         | _iobeamdb_internal | _hyper_1_2_0_6_data
        8 |                    3 | Test1         | _iobeamdb_internal | _hyper_2_3_0_8_data
        9 |                    3 | Test1         | _iobeamdb_internal | _hyper_2_3_0_9_data
       10 |                    4 | test2         | _iobeamdb_internal | _hyper_2_4_0_10_data
       11 |                    4 | test2         | _iobeamdb_internal | _hyper_2_4_0_11_data
       12 |                    4 | test2         | _iobeamdb_internal | _hyper_2_4_0_12_data
(10 rows)

\dt "_iobeamdb_internal".*
                         List of relations
       Schema       |            Name            | Type  |  Owner   
--------------------+----------------------------+-------+----------
 _iobeamdb_internal | _hyper_1_0_1_distinct_data | table | postgres
 _iobeamdb_internal | _hyper_1_0_distinct        | table | postgres
 _iobeamdb_internal | _hyper_1_0_replica         | table | postgres
 _iobeamdb_internal | _hyper_1_1_0_partition     | table | postgres
 _iobeamdb_internal | _hyper_1_2_0_4_data        | table | postgres
 _iobeamdb_internal | _hyper_1_2_0_5_data        | table | postgres
 _iobeamdb_internal | _hyper_1_2_0_6_data        | table | postgres
 _iobeamdb_internal | _hyper_1_2_0_partition     | table | postgres
 _iobeamdb_internal | _hyper_1_distinct          | table | postgres
 _iobeamdb_internal | _hyper_1_root              | table | postgres
 _iobeamdb_internal | _hyper_2_0_1_distinct_data | table | postgres
 _iobeamdb_internal | _hyper_2_0_distinct        | table | postgres
 _iobeamdb_internal | _hyper_2_0_replica         | table | postgres
 _iobeamdb_internal | _hyper_2_3_0_8_data        | table | postgres
 _iobeamdb_internal | _hyper_2_3_0_9_data        | table | postgres
 _iobeamdb_internal | _hyper_2_3_0_partition     | table | postgres
 _iobeamdb_internal | _hyper_2_4_0_partition     | table | postgres
 _iobeamdb_internal | _hyper_2_distinct          | table | postgres
 _iobeamdb_internal | _hyper_2_root              | table | postgres
(19 rows)

\c test2
SELECT c.id AS chunk_id, pr.partition_id, pr.hypertable_id, crn.schema_name AS chunk_schema, crn.table_name AS chunk_table, c.start_time, c.end_time
FROM _iobeamdb_catalog.chunk c
INNER JOIN _iobeamdb_catalog.chunk_replica_node crn ON (c.id = crn.chunk_id)
INNER JOIN _iobeamdb_catalog.partition_replica pr ON (pr.id = crn.partition_replica_id)
INNER JOIN _iobeamdb_catalog.hypertable h ON (h.id = pr.hypertable_id)
WHERE h.schema_name = 'public' AND (h.table_name = 'drop_chunk_test1' OR h.table_name = 'drop_chunk_test2');
 chunk_id | partition_id | hypertable_id |    chunk_schema    |     chunk_table      | start_time | end_time 
----------+--------------+---------------+--------------------+----------------------+------------+----------
        2 |            1 |             1 | _iobeamdb_internal | _hyper_1_1_0_2_data  |          2 |        2
        3 |            1 |             1 | _iobeamdb_internal | _hyper_1_1_0_3_data  |          3 |         
        4 |            2 |             1 | _iobeamdb_internal | _hyper_1_2_0_4_data  |            |        4
        5 |            2 |             1 | _iobeamdb_internal | _hyper_1_2_0_5_data  |          5 |        5
        6 |            2 |             1 | _iobeamdb_internal | _hyper_1_2_0_6_data  |          6 |         
        8 |            3 |             2 | _iobeamdb_internal | _hyper_2_3_0_8_data  |          2 |        2
        9 |            3 |             2 | _iobeamdb_internal | _hyper_2_3_0_9_data  |          3 |         
       10 |            4 |             2 | _iobeamdb_internal | _hyper_2_4_0_10_data |            |        4
       11 |            4 |             2 | _iobeamdb_internal | _hyper_2_4_0_11_data |          5 |        5
       12 |            4 |             2 | _iobeamdb_internal | _hyper_2_4_0_12_data |          6 |         
(10 rows)

SELECT * FROM _iobeamdb_catalog.chunk_replica_node;
 chunk_id | partition_replica_id | database_name |    schema_name     |      table_name      
----------+----------------------+---------------+--------------------+----------------------
        2 |                    1 | test2         | _iobeamdb_internal | _hyper_1_1_0_2_data
        3 |                    1 | test2         | _iobeamdb_internal | _hyper_1_1_0_3_data
        4 |                    2 | Test1         | _iobeamdb_internal | _hyper_1_2_0_4_data
        5 |                    2 | Test1         | _iobeamdb_internal | _hyper_1_2_0_5_data
        6 |                    2 | Test1         | _iobeamdb_internal | _hyper_1_2_0_6_data
        8 |                    3 | Test1         | _iobeamdb_internal | _hyper_2_3_0_8_data
        9 |                    3 | Test1         | _iobeamdb_internal | _hyper_2_3_0_9_data
       10 |                    4 | test2         | _iobeamdb_internal | _hyper_2_4_0_10_data
       11 |                    4 | test2         | _iobeamdb_internal | _hyper_2_4_0_11_data
       12 |                    4 | test2         | _iobeamdb_internal | _hyper_2_4_0_12_data
(10 rows)

\dt "_iobeamdb_internal".*
                         List of relations
       Schema       |            Name            | Type  |  Owner   
--------------------+----------------------------+-------+----------
 _iobeamdb_internal | _hyper_1_0_2_distinct_data | table | postgres
 _iobeamdb_internal | _hyper_1_0_distinct        | table | postgres
 _iobeamdb_internal | _hyper_1_0_replica         | table | postgres
 _iobeamdb_internal | _hyper_1_1_0_2_data        | table | postgres
 _iobeamdb_internal | _hyper_1_1_0_3_data        | table | postgres
 _iobeamdb_internal | _hyper_1_1_0_partition     | table | postgres
 _iobeamdb_internal | _hyper_1_2_0_partition     | table | postgres
 _iobeamdb_internal | _hyper_1_distinct          | table | postgres
 _iobeamdb_internal | _hyper_1_root              | table | postgres
 _iobeamdb_internal | _hyper_2_0_2_distinct_data | table | postgres
 _iobeamdb_internal | _hyper_2_0_distinct        | table | postgres
 _iobeamdb_internal | _hyper_2_0_replica         | table | postgres
 _iobeamdb_internal | _hyper_2_3_0_partition     | table | postgres
 _iobeamdb_internal | _hyper_2_4_0_10_data       | table | postgres
 _iobeamdb_internal | _hyper_2_4_0_11_data       | table | postgres
 _iobeamdb_internal | _hyper_2_4_0_12_data       | table | postgres
 _iobeamdb_internal | _hyper_2_4_0_partition     | table | postgres
 _iobeamdb_internal | _hyper_2_distinct          | table | postgres
 _iobeamdb_internal | _hyper_2_root              | table | postgres
(19 rows)

\c meta
SELECT _iobeamdb_meta.drop_chunks_older_than(3, 'drop_chunk_test1');
 drop_chunks_older_than 
------------------------
 
(1 row)

SELECT c.id AS chunk_id, pr.partition_id, pr.hypertable_id, crn.schema_name AS chunk_schema, crn.table_name AS chunk_table, c.start_time, c.end_time
FROM _iobeamdb_catalog.chunk c
INNER JOIN _iobeamdb_catalog.chunk_replica_node crn ON (c.id = crn.chunk_id)
INNER JOIN _iobeamdb_catalog.partition_replica pr ON (pr.id = crn.partition_replica_id)
INNER JOIN _iobeamdb_catalog.hypertable h ON (h.id = pr.hypertable_id)
WHERE h.schema_name = 'public' AND (h.table_name = 'drop_chunk_test1' OR h.table_name = 'drop_chunk_test2');
 chunk_id | partition_id | hypertable_id |    chunk_schema    |     chunk_table      | start_time | end_time 
----------+--------------+---------------+--------------------+----------------------+------------+----------
        3 |            1 |             1 | _iobeamdb_internal | _hyper_1_1_0_3_data  |          3 |         
        4 |            2 |             1 | _iobeamdb_internal | _hyper_1_2_0_4_data  |            |        4
        5 |            2 |             1 | _iobeamdb_internal | _hyper_1_2_0_5_data  |          5 |        5
        6 |            2 |             1 | _iobeamdb_internal | _hyper_1_2_0_6_data  |          6 |         
        8 |            3 |             2 | _iobeamdb_internal | _hyper_2_3_0_8_data  |          2 |        2
        9 |            3 |             2 | _iobeamdb_internal | _hyper_2_3_0_9_data  |          3 |         
       10 |            4 |             2 | _iobeamdb_internal | _hyper_2_4_0_10_data |            |        4
       11 |            4 |             2 | _iobeamdb_internal | _hyper_2_4_0_11_data |          5 |        5
       12 |            4 |             2 | _iobeamdb_internal | _hyper_2_4_0_12_data |          6 |         
(9 rows)

SELECT * FROM _iobeamdb_catalog.chunk_replica_node;
 chunk_id | partition_replica_id | database_name |    schema_name     |      table_name      
----------+----------------------+---------------+--------------------+----------------------
        3 |                    1 | test2         | _iobeamdb_internal | _hyper_1_1_0_3_data
        4 |                    2 | Test1         | _iobeamdb_internal | _hyper_1_2_0_4_data
        5 |                    2 | Test1         | _iobeamdb_internal | _hyper_1_2_0_5_data
        6 |                    2 | Test1         | _iobeamdb_internal | _hyper_1_2_0_6_data
        8 |                    3 | Test1         | _iobeamdb_internal | _hyper_2_3_0_8_data
        9 |                    3 | Test1         | _iobeamdb_internal | _hyper_2_3_0_9_data
       10 |                    4 | test2         | _iobeamdb_internal | _hyper_2_4_0_10_data
       11 |                    4 | test2         | _iobeamdb_internal | _hyper_2_4_0_11_data
       12 |                    4 | test2         | _iobeamdb_internal | _hyper_2_4_0_12_data
(9 rows)

\dt "_iobeamdb_internal".*
      List of relations
 Schema | Name | Type | Owner 
--------+------+------+-------
(0 rows)

\c Test1
SELECT c.id AS chunk_id, pr.partition_id, pr.hypertable_id, crn.schema_name AS chunk_schema, crn.table_name AS chunk_table, c.start_time, c.end_time
FROM _iobeamdb_catalog.chunk c
INNER JOIN _iobeamdb_catalog.chunk_replica_node crn ON (c.id = crn.chunk_id)
INNER JOIN _iobeamdb_catalog.partition_replica pr ON (pr.id = crn.partition_replica_id)
INNER JOIN _iobeamdb_catalog.hypertable h ON (h.id = pr.hypertable_id)
WHERE h.schema_name = 'public' AND (h.table_name = 'drop_chunk_test1' OR h.table_name = 'drop_chunk_test2');
 chunk_id | partition_id | hypertable_id |    chunk_schema    |     chunk_table      | start_time | end_time 
----------+--------------+---------------+--------------------+----------------------+------------+----------
        3 |            1 |             1 | _iobeamdb_internal | _hyper_1_1_0_3_data  |          3 |         
        4 |            2 |             1 | _iobeamdb_internal | _hyper_1_2_0_4_data  |            |        4
        5 |            2 |             1 | _iobeamdb_internal | _hyper_1_2_0_5_data  |          5 |        5
        6 |            2 |             1 | _iobeamdb_internal | _hyper_1_2_0_6_data  |          6 |         
        8 |            3 |             2 | _iobeamdb_internal | _hyper_2_3_0_8_data  |          2 |        2
        9 |            3 |             2 | _iobeamdb_internal | _hyper_2_3_0_9_data  |          3 |         
       10 |            4 |             2 | _iobeamdb_internal | _hyper_2_4_0_10_data |            |        4
       11 |            4 |             2 | _iobeamdb_internal | _hyper_2_4_0_11_data |          5 |        5
       12 |            4 |             2 | _iobeamdb_internal | _hyper_2_4_0_12_data |          6 |         
(9 rows)

SELECT * FROM _iobeamdb_catalog.chunk_replica_node;
 chunk_id | partition_replica_id | database_name |    schema_name     |      table_name      
----------+----------------------+---------------+--------------------+----------------------
        3 |                    1 | test2         | _iobeamdb_internal | _hyper_1_1_0_3_data
        4 |                    2 | Test1         | _iobeamdb_internal | _hyper_1_2_0_4_data
        5 |                    2 | Test1         | _iobeamdb_internal | _hyper_1_2_0_5_data
        6 |                    2 | Test1         | _iobeamdb_internal | _hyper_1_2_0_6_data
        8 |                    3 | Test1         | _iobeamdb_internal | _hyper_2_3_0_8_data
        9 |                    3 | Test1         | _iobeamdb_internal | _hyper_2_3_0_9_data
       10 |                    4 | test2         | _iobeamdb_internal | _hyper_2_4_0_10_data
       11 |                    4 | test2         | _iobeamdb_internal | _hyper_2_4_0_11_data
       12 |                    4 | test2         | _iobeamdb_internal | _hyper_2_4_0_12_data
(9 rows)

\dt "_iobeamdb_internal".*
                         List of relations
       Schema       |            Name            | Type  |  Owner   
--------------------+----------------------------+-------+----------
 _iobeamdb_internal | _hyper_1_0_1_distinct_data | table | postgres
 _iobeamdb_internal | _hyper_1_0_distinct        | table | postgres
 _iobeamdb_internal | _hyper_1_0_replica         | table | postgres
 _iobeamdb_internal | _hyper_1_1_0_partition     | table | postgres
 _iobeamdb_internal | _hyper_1_2_0_4_data        | table | postgres
 _iobeamdb_internal | _hyper_1_2_0_5_data        | table | postgres
 _iobeamdb_internal | _hyper_1_2_0_6_data        | table | postgres
 _iobeamdb_internal | _hyper_1_2_0_partition     | table | postgres
 _iobeamdb_internal | _hyper_1_distinct          | table | postgres
 _iobeamdb_internal | _hyper_1_root              | table | postgres
 _iobeamdb_internal | _hyper_2_0_1_distinct_data | table | postgres
 _iobeamdb_internal | _hyper_2_0_distinct        | table | postgres
 _iobeamdb_internal | _hyper_2_0_replica         | table | postgres
 _iobeamdb_internal | _hyper_2_3_0_8_data        | table | postgres
 _iobeamdb_internal | _hyper_2_3_0_9_data        | table | postgres
 _iobeamdb_internal | _hyper_2_3_0_partition     | table | postgres
 _iobeamdb_internal | _hyper_2_4_0_partition     | table | postgres
 _iobeamdb_internal | _hyper_2_distinct          | table | postgres
 _iobeamdb_internal | _hyper_2_root              | table | postgres
(19 rows)

\c test2
SELECT c.id AS chunk_id, pr.partition_id, pr.hypertable_id, crn.schema_name AS chunk_schema, crn.table_name AS chunk_table, c.start_time, c.end_time
FROM _iobeamdb_catalog.chunk c
INNER JOIN _iobeamdb_catalog.chunk_replica_node crn ON (c.id = crn.chunk_id)
INNER JOIN _iobeamdb_catalog.partition_replica pr ON (pr.id = crn.partition_replica_id)
INNER JOIN _iobeamdb_catalog.hypertable h ON (h.id = pr.hypertable_id)
WHERE h.schema_name = 'public' AND (h.table_name = 'drop_chunk_test1' OR h.table_name = 'drop_chunk_test2');
 chunk_id | partition_id | hypertable_id |    chunk_schema    |     chunk_table      | start_time | end_time 
----------+--------------+---------------+--------------------+----------------------+------------+----------
        3 |            1 |             1 | _iobeamdb_internal | _hyper_1_1_0_3_data  |          3 |         
        4 |            2 |             1 | _iobeamdb_internal | _hyper_1_2_0_4_data  |            |        4
        5 |            2 |             1 | _iobeamdb_internal | _hyper_1_2_0_5_data  |          5 |        5
        6 |            2 |             1 | _iobeamdb_internal | _hyper_1_2_0_6_data  |          6 |         
        8 |            3 |             2 | _iobeamdb_internal | _hyper_2_3_0_8_data  |          2 |        2
        9 |            3 |             2 | _iobeamdb_internal | _hyper_2_3_0_9_data  |          3 |         
       10 |            4 |             2 | _iobeamdb_internal | _hyper_2_4_0_10_data |            |        4
       11 |            4 |             2 | _iobeamdb_internal | _hyper_2_4_0_11_data |          5 |        5
       12 |            4 |             2 | _iobeamdb_internal | _hyper_2_4_0_12_data |          6 |         
(9 rows)

SELECT * FROM _iobeamdb_catalog.chunk_replica_node;
 chunk_id | partition_replica_id | database_name |    schema_name     |      table_name      
----------+----------------------+---------------+--------------------+----------------------
        3 |                    1 | test2         | _iobeamdb_internal | _hyper_1_1_0_3_data
        4 |                    2 | Test1         | _iobeamdb_internal | _hyper_1_2_0_4_data
        5 |                    2 | Test1         | _iobeamdb_internal | _hyper_1_2_0_5_data
        6 |                    2 | Test1         | _iobeamdb_internal | _hyper_1_2_0_6_data
        8 |                    3 | Test1         | _iobeamdb_internal | _hyper_2_3_0_8_data
        9 |                    3 | Test1         | _iobeamdb_internal | _hyper_2_3_0_9_data
       10 |                    4 | test2         | _iobeamdb_internal | _hyper_2_4_0_10_data
       11 |                    4 | test2         | _iobeamdb_internal | _hyper_2_4_0_11_data
       12 |                    4 | test2         | _iobeamdb_internal | _hyper_2_4_0_12_data
(9 rows)

\dt "_iobeamdb_internal".*
                         List of relations
       Schema       |            Name            | Type  |  Owner   
--------------------+----------------------------+-------+----------
 _iobeamdb_internal | _hyper_1_0_2_distinct_data | table | postgres
 _iobeamdb_internal | _hyper_1_0_distinct        | table | postgres
 _iobeamdb_internal | _hyper_1_0_replica         | table | postgres
 _iobeamdb_internal | _hyper_1_1_0_3_data        | table | postgres
 _iobeamdb_internal | _hyper_1_1_0_partition     | table | postgres
 _iobeamdb_internal | _hyper_1_2_0_partition     | table | postgres
 _iobeamdb_internal | _hyper_1_distinct          | table | postgres
 _iobeamdb_internal | _hyper_1_root              | table | postgres
 _iobeamdb_internal | _hyper_2_0_2_distinct_data | table | postgres
 _iobeamdb_internal | _hyper_2_0_distinct        | table | postgres
 _iobeamdb_internal | _hyper_2_0_replica         | table | postgres
 _iobeamdb_internal | _hyper_2_3_0_partition     | table | postgres
 _iobeamdb_internal | _hyper_2_4_0_10_data       | table | postgres
 _iobeamdb_internal | _hyper_2_4_0_11_data       | table | postgres
 _iobeamdb_internal | _hyper_2_4_0_12_data       | table | postgres
 _iobeamdb_internal | _hyper_2_4_0_partition     | table | postgres
 _iobeamdb_internal | _hyper_2_distinct          | table | postgres
 _iobeamdb_internal | _hyper_2_root              | table | postgres
(18 rows)

