time bigint; bool_1 boolean; device_id text; field_only_dev2 double precision; field_only_ref2 text; nUm_1 double precision; num_2 double precision; string_1 text; string_2 text
