time bigint; field_only_dev2 double precision
1257894000000000000;3
