string_2 text; time bigint; count_nUm_1_ numeric
one;1257987600000000000;1
two;1257987600000000000;1
