-- This file and its contents are licensed under the Apache License 2.0.
-- Please see the included NOTICE for copyright information and
-- LICENSE-APACHE for a copy of the license.
--make sure diff only has explain output not result output
\! diff ${TEST_OUTPUT_DIR}/results/append_unoptimized.out ${TEST_OUTPUT_DIR}/results/append.out
4c4
< SET timescaledb.disable_optimizations = ON;
---
> SET timescaledb.disable_optimizations = OFF;
56,67c56,62
<                                     QUERY PLAN                                    
< ----------------------------------------------------------------------------------
<  Append
<    ->  Seq Scan on append_test
<          Filter: ("time" > (now_s() + '@ 1 mon'::interval))
<    ->  Index Scan using _hyper_1_1_chunk_append_test_time_idx on _hyper_1_1_chunk
<          Index Cond: ("time" > (now_s() + '@ 1 mon'::interval))
<    ->  Index Scan using _hyper_1_2_chunk_append_test_time_idx on _hyper_1_2_chunk
<          Index Cond: ("time" > (now_s() + '@ 1 mon'::interval))
<    ->  Index Scan using _hyper_1_3_chunk_append_test_time_idx on _hyper_1_3_chunk
<          Index Cond: ("time" > (now_s() + '@ 1 mon'::interval))
< (9 rows)
---
> psql:include/append.sql:46: NOTICE:  Stable function now_s() called!
>              QUERY PLAN              
> -------------------------------------
>  Custom Scan (ConstraintAwareAppend)
>    Hypertable: append_test
>    Chunks left after exclusion: 0
> (3 rows)
75,76d69
< psql:include/append.sql:47: NOTICE:  Stable function now_s() called!
< psql:include/append.sql:47: NOTICE:  Stable function now_s() called!
89,90c82,83
<                                        QUERY PLAN                                       
< ----------------------------------------------------------------------------------------
---
>                 QUERY PLAN                 
> -------------------------------------------
92,102c85,88
<    ->  Merge Append
<          Sort Key: append_test."time" DESC
<          ->  Index Scan using append_test_time_idx on append_test
<                Index Cond: ("time" > (now_s() + '@ 1 mon'::interval))
<          ->  Index Scan using _hyper_1_1_chunk_append_test_time_idx on _hyper_1_1_chunk
<                Index Cond: ("time" > (now_s() + '@ 1 mon'::interval))
<          ->  Index Scan using _hyper_1_2_chunk_append_test_time_idx on _hyper_1_2_chunk
<                Index Cond: ("time" > (now_s() + '@ 1 mon'::interval))
<          ->  Index Scan using _hyper_1_3_chunk_append_test_time_idx on _hyper_1_3_chunk
<                Index Cond: ("time" > (now_s() + '@ 1 mon'::interval))
< (11 rows)
---
>    ->  Custom Scan (ConstraintAwareAppend)
>          Hypertable: append_test
>          Chunks left after exclusion: 0
> (4 rows)
114,125c100,109
<                                     QUERY PLAN                                    
< ----------------------------------------------------------------------------------
<  Append
<    ->  Seq Scan on append_test
<          Filter: ("time" > (now_s() - '@ 2 mons'::interval))
<    ->  Index Scan using _hyper_1_1_chunk_append_test_time_idx on _hyper_1_1_chunk
<          Index Cond: ("time" > (now_s() - '@ 2 mons'::interval))
<    ->  Index Scan using _hyper_1_2_chunk_append_test_time_idx on _hyper_1_2_chunk
<          Index Cond: ("time" > (now_s() - '@ 2 mons'::interval))
<    ->  Index Scan using _hyper_1_3_chunk_append_test_time_idx on _hyper_1_3_chunk
<          Index Cond: ("time" > (now_s() - '@ 2 mons'::interval))
< (9 rows)
---
> psql:include/append.sql:59: NOTICE:  Stable function now_s() called!
>                                        QUERY PLAN                                       
> ----------------------------------------------------------------------------------------
>  Custom Scan (ConstraintAwareAppend)
>    Hypertable: append_test
>    Chunks left after exclusion: 1
>    ->  Append
>          ->  Index Scan using _hyper_1_3_chunk_append_test_time_idx on _hyper_1_3_chunk
>                Index Cond: ("time" > (now_s() - '@ 2 mons'::interval))
> (6 rows)
135d118
< psql:include/append.sql:62: NOTICE:  Stable function now_s() called!
150,151c133,134
<                                            QUERY PLAN                                            
< -------------------------------------------------------------------------------------------------
---
>                                               QUERY PLAN                                               
> -------------------------------------------------------------------------------------------------------
153,163c136,142
<    ->  Merge Append
<          Sort Key: append_test."time"
<          ->  Index Scan Backward using append_test_time_idx on append_test
<                Index Cond: ("time" > (now_s() - '@ 2 mons'::interval))
<          ->  Index Scan Backward using _hyper_1_1_chunk_append_test_time_idx on _hyper_1_1_chunk
<                Index Cond: ("time" > (now_s() - '@ 2 mons'::interval))
<          ->  Index Scan Backward using _hyper_1_2_chunk_append_test_time_idx on _hyper_1_2_chunk
<                Index Cond: ("time" > (now_s() - '@ 2 mons'::interval))
<          ->  Index Scan Backward using _hyper_1_3_chunk_append_test_time_idx on _hyper_1_3_chunk
<                Index Cond: ("time" > (now_s() - '@ 2 mons'::interval))
< (11 rows)
---
>    ->  Custom Scan (ConstraintAwareAppend)
>          Hypertable: append_test
>          Chunks left after exclusion: 1
>          ->  Append
>                ->  Index Scan Backward using _hyper_1_3_chunk_append_test_time_idx on _hyper_1_3_chunk
>                      Index Cond: ("time" > (now_s() - '@ 2 mons'::interval))
> (7 rows)
173,175d151
< psql:include/append.sql:72: NOTICE:  Stable function now_s() called!
< psql:include/append.sql:72: NOTICE:  Stable function now_s() called!
< psql:include/append.sql:72: NOTICE:  Stable function now_s() called!
188,200c164,173
<                                                     QUERY PLAN                                                    
< ------------------------------------------------------------------------------------------------------------------
<  Merge Append
<    Sort Key: append_test."time"
<    ->  Index Scan Backward using append_test_time_idx on append_test
<          Index Cond: ("time" > ('Tue Aug 22 10:00:00 2017 PDT'::timestamp with time zone - '@ 2 mons'::interval))
<    ->  Index Scan Backward using _hyper_1_1_chunk_append_test_time_idx on _hyper_1_1_chunk
<          Index Cond: ("time" > ('Tue Aug 22 10:00:00 2017 PDT'::timestamp with time zone - '@ 2 mons'::interval))
<    ->  Index Scan Backward using _hyper_1_2_chunk_append_test_time_idx on _hyper_1_2_chunk
<          Index Cond: ("time" > ('Tue Aug 22 10:00:00 2017 PDT'::timestamp with time zone - '@ 2 mons'::interval))
<    ->  Index Scan Backward using _hyper_1_3_chunk_append_test_time_idx on _hyper_1_3_chunk
<          Index Cond: ("time" > ('Tue Aug 22 10:00:00 2017 PDT'::timestamp with time zone - '@ 2 mons'::interval))
< (10 rows)
---
>                                                        QUERY PLAN                                                       
> ------------------------------------------------------------------------------------------------------------------------
>  Custom Scan (ConstraintAwareAppend)
>    Hypertable: append_test
>    Chunks left after exclusion: 1
>    ->  Merge Append
>          Sort Key: _hyper_1_3_chunk."time"
>          ->  Index Scan Backward using _hyper_1_3_chunk_append_test_time_idx on _hyper_1_3_chunk
>                Index Cond: ("time" > ('Tue Aug 22 10:00:00 2017 PDT'::timestamp with time zone - '@ 2 mons'::interval))
> (7 rows)
209,221c182,195
<                                         QUERY PLAN                                         
< -------------------------------------------------------------------------------------------
<  Merge Append
<    Sort Key: append_test."time"
<    ->  Index Scan Backward using append_test_time_idx on append_test
<          Filter: ("time" > (now_v() - '@ 2 mons'::interval))
<    ->  Index Scan Backward using _hyper_1_1_chunk_append_test_time_idx on _hyper_1_1_chunk
<          Filter: ("time" > (now_v() - '@ 2 mons'::interval))
<    ->  Index Scan Backward using _hyper_1_2_chunk_append_test_time_idx on _hyper_1_2_chunk
<          Filter: ("time" > (now_v() - '@ 2 mons'::interval))
<    ->  Index Scan Backward using _hyper_1_3_chunk_append_test_time_idx on _hyper_1_3_chunk
<          Filter: ("time" > (now_v() - '@ 2 mons'::interval))
< (10 rows)
---
>                                            QUERY PLAN                                            
> -------------------------------------------------------------------------------------------------
>  Custom Scan (ConstraintAwareAppend)
>    Hypertable: append_test
>    Chunks left after exclusion: 3
>    ->  Merge Append
>          Sort Key: _hyper_1_1_chunk."time"
>          ->  Index Scan Backward using _hyper_1_1_chunk_append_test_time_idx on _hyper_1_1_chunk
>                Filter: ("time" > (now_v() - '@ 2 mons'::interval))
>          ->  Index Scan Backward using _hyper_1_2_chunk_append_test_time_idx on _hyper_1_2_chunk
>                Filter: ("time" > (now_v() - '@ 2 mons'::interval))
>          ->  Index Scan Backward using _hyper_1_3_chunk_append_test_time_idx on _hyper_1_3_chunk
>                Filter: ("time" > (now_v() - '@ 2 mons'::interval))
> (11 rows)
247,248d220
< psql:include/append.sql:98: NOTICE:  Stable function now_s() called!
< psql:include/append.sql:98: NOTICE:  Stable function now_s() called!
256,268c228,238
<                                         QUERY PLAN                                         
< -------------------------------------------------------------------------------------------
<  Merge Append
<    Sort Key: append_test."time"
<    ->  Index Scan Backward using append_test_time_idx on append_test
<          Index Cond: ("time" > (now_s() - '@ 2 mons'::interval))
<    ->  Index Scan Backward using _hyper_1_1_chunk_append_test_time_idx on _hyper_1_1_chunk
<          Index Cond: ("time" > (now_s() - '@ 2 mons'::interval))
<    ->  Index Scan Backward using _hyper_1_2_chunk_append_test_time_idx on _hyper_1_2_chunk
<          Index Cond: ("time" > (now_s() - '@ 2 mons'::interval))
<    ->  Index Scan Backward using _hyper_1_3_chunk_append_test_time_idx on _hyper_1_3_chunk
<          Index Cond: ("time" > (now_s() - '@ 2 mons'::interval))
< (10 rows)
---
> psql:include/append.sql:101: NOTICE:  Stable function now_s() called!
>                                            QUERY PLAN                                            
> -------------------------------------------------------------------------------------------------
>  Custom Scan (ConstraintAwareAppend)
>    Hypertable: append_test
>    Chunks left after exclusion: 1
>    ->  Merge Append
>          Sort Key: _hyper_1_3_chunk."time"
>          ->  Index Scan Backward using _hyper_1_3_chunk_append_test_time_idx on _hyper_1_3_chunk
>                Index Cond: ("time" > (now_s() - '@ 2 mons'::interval))
> (7 rows)
296a267
> psql:include/append.sql:114: NOTICE:  Stable function now_s() called!
303c274,276
<          ->  Result
---
>          ->  Custom Scan (ConstraintAwareAppend)
>                Hypertable: append_test
>                Chunks left after exclusion: 2
305,308d277
<                      ->  Seq Scan on append_test
<                            Filter: ("time" > (now_s() - '@ 4 mons'::interval))
<                      ->  Index Scan using _hyper_1_1_chunk_append_test_time_idx on _hyper_1_1_chunk
<                            Index Cond: ("time" > (now_s() - '@ 4 mons'::interval))
313c282
< (14 rows)
---
> (12 rows)
325,326c294,295
<                                                                                                              QUERY PLAN                                                                                                              
< -------------------------------------------------------------------------------------------------------------------------------------------------------------------------------------------------------------------------------------
---
>                               QUERY PLAN                               
> -----------------------------------------------------------------------
331,335c300,303
<          ->  Result
<                ->  Append
<                      ->  Seq Scan on append_test
<                            Filter: (("time" < 'Tue Mar 22 00:00:00 2016 PDT'::timestamp with time zone) AND (date_part('dow'::text, "time") >= '1'::double precision) AND (date_part('dow'::text, "time") <= '5'::double precision))
< (8 rows)
---
>          ->  Custom Scan (ConstraintAwareAppend)
>                Hypertable: append_test
>                Chunks left after exclusion: 0
> (7 rows)
377,378c345,347
<                                               QUERY PLAN                                               
< -------------------------------------------------------------------------------------------------------
---
> psql:include/append.sql:153: NOTICE:  Stable function now_s() called!
>                                                   QUERY PLAN                                                   
> ---------------------------------------------------------------------------------------------------------------
384c353,355
<            ->  Result
---
>            ->  Custom Scan (ConstraintAwareAppend)
>                  Hypertable: append_test
>                  Chunks left after exclusion: 3
386,388c357
<                        ->  Seq Scan on append_test
<                              Filter: ((colorid > 0) AND ("time" > (now_s() - '@ 400 days'::interval)))
<                        ->  Index Scan using _hyper_1_1_chunk_append_test_time_idx on _hyper_1_1_chunk
---
>                        ->  Index Scan Backward using _hyper_1_1_chunk_append_test_time_idx on _hyper_1_1_chunk
391c360
<                        ->  Index Scan using _hyper_1_2_chunk_append_test_time_idx on _hyper_1_2_chunk
---
>                        ->  Index Scan Backward using _hyper_1_2_chunk_append_test_time_idx on _hyper_1_2_chunk
394c363
<                        ->  Index Scan using _hyper_1_3_chunk_append_test_time_idx on _hyper_1_3_chunk
---
>                        ->  Index Scan Backward using _hyper_1_3_chunk_append_test_time_idx on _hyper_1_3_chunk
429a399
> psql:include/append.sql:170: NOTICE:  Stable function now_s() called!
469,470c439,442
<                                          QUERY PLAN                                         
< --------------------------------------------------------------------------------------------
---
> psql:include/append.sql:191: NOTICE:  Stable function now_s() called!
> psql:include/append.sql:191: NOTICE:  Stable function now_s() called!
>                                             QUERY PLAN                                            
> --------------------------------------------------------------------------------------------------
473,491c445,461
<    ->  Append
<          ->  Seq Scan on append_test a
<                Filter: ("time" > (now_s() - '@ 3 hours'::interval))
<          ->  Index Scan using _hyper_1_1_chunk_append_test_time_idx on _hyper_1_1_chunk a_1
<                Index Cond: ("time" > (now_s() - '@ 3 hours'::interval))
<          ->  Index Scan using _hyper_1_2_chunk_append_test_time_idx on _hyper_1_2_chunk a_2
<                Index Cond: ("time" > (now_s() - '@ 3 hours'::interval))
<          ->  Index Scan using _hyper_1_3_chunk_append_test_time_idx on _hyper_1_3_chunk a_3
<                Index Cond: ("time" > (now_s() - '@ 3 hours'::interval))
<    ->  Append
<          ->  Seq Scan on join_test j
<                Filter: ("time" > (now_s() - '@ 3 hours'::interval))
<          ->  Index Scan using _hyper_2_4_chunk_join_test_time_idx on _hyper_2_4_chunk j_1
<                Index Cond: ("time" > (now_s() - '@ 3 hours'::interval))
<          ->  Index Scan using _hyper_2_5_chunk_join_test_time_idx on _hyper_2_5_chunk j_2
<                Index Cond: ("time" > (now_s() - '@ 3 hours'::interval))
<          ->  Index Scan using _hyper_2_6_chunk_join_test_time_idx on _hyper_2_6_chunk j_3
<                Index Cond: ("time" > (now_s() - '@ 3 hours'::interval))
< (20 rows)
---
>    ->  Custom Scan (ConstraintAwareAppend)
>          Hypertable: append_test
>          Chunks left after exclusion: 1
>          ->  Append
>                ->  Index Scan using _hyper_1_3_chunk_append_test_time_idx on _hyper_1_3_chunk a_1
>                      Index Cond: ("time" > (now_s() - '@ 3 hours'::interval))
>    ->  Custom Scan (ConstraintAwareAppend)
>          Hypertable: join_test
>          Chunks left after exclusion: 3
>          ->  Append
>                ->  Index Scan using _hyper_2_4_chunk_join_test_time_idx on _hyper_2_4_chunk j_1
>                      Index Cond: ("time" > (now_s() - '@ 3 hours'::interval))
>                ->  Index Scan using _hyper_2_5_chunk_join_test_time_idx on _hyper_2_5_chunk j_2
>                      Index Cond: ("time" > (now_s() - '@ 3 hours'::interval))
>                ->  Index Scan using _hyper_2_6_chunk_join_test_time_idx on _hyper_2_6_chunk j_3
>                      Index Cond: ("time" > (now_s() - '@ 3 hours'::interval))
> (18 rows)
