\set ON_ERROR_STOP 1
\o /dev/null
\ir include/insert_single.sql
\set ON_ERROR_STOP 1
\ir create_single_db.sql
SET client_min_messages = WARNING;
DROP DATABASE IF EXISTS single;
SET client_min_messages = NOTICE;
CREATE DATABASE single;
\c single
CREATE EXTENSION IF NOT EXISTS timescaledb CASCADE;
psql:include/create_single_db.sql:7: NOTICE:  installing required extension "dblink"
psql:include/create_single_db.sql:7: NOTICE:  installing required extension "postgres_fdw"
psql:include/create_single_db.sql:7: NOTICE:  installing required extension "hstore"
SELECT setup_single_node(hostname => 'fakehost'); -- fakehost makes sure there is no network connection
\c single
\set ECHO ALL
CREATE TABLE PUBLIC."testNs" (
  "timeCustom" BIGINT NOT NULL,
  device_id TEXT NOT NULL,
  series_0 DOUBLE PRECISION NULL,
  series_1 DOUBLE PRECISION NULL,
  series_2 DOUBLE PRECISION NULL,
  series_bool BOOLEAN NULL
);
CREATE INDEX ON PUBLIC."testNs" (device_id, "timeCustom" DESC NULLS LAST) WHERE device_id IS NOT NULL;
CREATE INDEX ON PUBLIC."testNs" ("timeCustom" DESC NULLS LAST, series_0) WHERE series_0 IS NOT NULL;
CREATE INDEX ON PUBLIC."testNs" ("timeCustom" DESC NULLS LAST, series_1)  WHERE series_1 IS NOT NULL;
CREATE INDEX ON PUBLIC."testNs" ("timeCustom" DESC NULLS LAST, series_2) WHERE series_2 IS NOT NULL;
CREATE INDEX ON PUBLIC."testNs" ("timeCustom" DESC NULLS LAST, series_bool) WHERE series_bool IS NOT NULL;
SELECT * FROM create_hypertable('"public"."testNs"', 'timeCustom', 'device_id', associated_schema_name=>'testNs' );
BEGIN;
\COPY "testNs" FROM 'data/ds1_dev1_1.tsv' NULL AS '';
COMMIT;
SELECT _timescaledb_meta_api.close_chunk_end_immediate(c.id)
FROM get_open_partition_for_key((SELECT id FROM _timescaledb_catalog.hypertable WHERE table_name = 'testNs'), 'dev1') part
INNER JOIN _timescaledb_catalog.chunk c ON (c.partition_id = part.id);
INSERT INTO "testNs"("timeCustom", device_id, series_0, series_1) VALUES
(1257987600000000000, 'dev1', 1.5, 1),
(1257987600000000000, 'dev1', 1.5, 2),
(1257894000000000000, 'dev20', 1.5, 1),
(1257894002000000000, 'dev1', 2.5, 3);
INSERT INTO "testNs"("timeCustom", device_id, series_0, series_1) VALUES
(1257894000000000000, 'dev20', 1.5, 2);
CREATE TABLE chunk_closing_test(
        time       BIGINT,
        metric     INTEGER,
        device_id  TEXT
    );
-- Test chunk closing/creation
SELECT * FROM create_hypertable('chunk_closing_test', 'time', 'device_id', chunk_size_bytes => 10000);
INSERT INTO chunk_closing_test VALUES(1, 1, 'dev1');
INSERT INTO chunk_closing_test VALUES(2, 2, 'dev2');
INSERT INTO chunk_closing_test VALUES(3, 3, 'dev3');
SELECT * FROM chunk_closing_test;
SELECT * FROM _timescaledb_catalog.chunk c
    LEFT JOIN _timescaledb_catalog.chunk_replica_node crn ON (c.id = crn.chunk_id)
    LEFT JOIN _timescaledb_catalog.partition_replica pr ON (crn.partition_replica_id = pr.id)
    LEFT JOIN _timescaledb_catalog.hypertable h ON (pr.hypertable_id = h.id)
    WHERE h.schema_name = 'public' AND h.table_name = 'chunk_closing_test';
\o
\set ECHO ALL
\c single
\d+ "_timescaledb_internal".*
              Table "_timescaledb_internal._hyper_2_0_replica"
  Column   |  Type   | Modifiers | Storage  | Stats target | Description
-----------+---------+-----------+----------+--------------+-------------
 time      | bigint  |           | plain    |              |
 metric    | integer |           | plain    |              |
 device_id | text    |           | extended |              |
Inherits: _timescaledb_internal._hyper_2_root
Child tables: _timescaledb_internal._hyper_2_2_0_partition

             Table "_timescaledb_internal._hyper_2_2_0_3_data"
  Column   |  Type   | Modifiers | Storage  | Stats target | Description
-----------+---------+-----------+----------+--------------+-------------
 time      | bigint  |           | plain    |              |
 metric    | integer |           | plain    |              |
 device_id | text    |           | extended |              |
Check constraints:
    "partition" CHECK (_timescaledb_catalog.get_partition_for_key(device_id, 32768) >= '0'::smallint AND _timescaledb_catalog.get_partition_for_key(device_id, 32768) <= '32767'::smallint)
    "time_range" CHECK ("time" <= '1'::bigint) NOT VALID
Inherits: _timescaledb_internal._hyper_2_2_0_partition

             Table "_timescaledb_internal._hyper_2_2_0_4_data"
  Column   |  Type   | Modifiers | Storage  | Stats target | Description
-----------+---------+-----------+----------+--------------+-------------
 time      | bigint  |           | plain    |              |
 metric    | integer |           | plain    |              |
 device_id | text    |           | extended |              |
Check constraints:
    "partition" CHECK (_timescaledb_catalog.get_partition_for_key(device_id, 32768) >= '0'::smallint AND _timescaledb_catalog.get_partition_for_key(device_id, 32768) <= '32767'::smallint)
    "time_range" CHECK ("time" >= '2'::bigint AND "time" <= '2'::bigint) NOT VALID
Inherits: _timescaledb_internal._hyper_2_2_0_partition

             Table "_timescaledb_internal._hyper_2_2_0_5_data"
  Column   |  Type   | Modifiers | Storage  | Stats target | Description
-----------+---------+-----------+----------+--------------+-------------
 time      | bigint  |           | plain    |              |
 metric    | integer |           | plain    |              |
 device_id | text    |           | extended |              |
Check constraints:
    "partition" CHECK (_timescaledb_catalog.get_partition_for_key(device_id, 32768) >= '0'::smallint AND _timescaledb_catalog.get_partition_for_key(device_id, 32768) <= '32767'::smallint)
    "time_range" CHECK ("time" >= '3'::bigint AND "time" <= '3'::bigint) NOT VALID
Inherits: _timescaledb_internal._hyper_2_2_0_partition

            Table "_timescaledb_internal._hyper_2_2_0_partition"
  Column   |  Type   | Modifiers | Storage  | Stats target | Description
-----------+---------+-----------+----------+--------------+-------------
 time      | bigint  |           | plain    |              |
 metric    | integer |           | plain    |              |
 device_id | text    |           | extended |              |
Check constraints:
    "partition" CHECK (_timescaledb_catalog.get_partition_for_key(device_id, 32768) >= '0'::smallint AND _timescaledb_catalog.get_partition_for_key(device_id, 32768) <= '32767'::smallint)
Inherits: _timescaledb_internal._hyper_2_0_replica
Child tables: _timescaledb_internal._hyper_2_2_0_3_data,
              _timescaledb_internal._hyper_2_2_0_4_data,
              _timescaledb_internal._hyper_2_2_0_5_data

                Table "_timescaledb_internal._hyper_2_root"
  Column   |  Type   | Modifiers | Storage  | Stats target | Description
-----------+---------+-----------+----------+--------------+-------------
 time      | bigint  |           | plain    |              |
 metric    | integer |           | plain    |              |
 device_id | text    |           | extended |              |
Child tables: _timescaledb_internal._hyper_2_0_replica

-- Test that renaming hypertable is blocked
\set ON_ERROR_STOP 0
ALTER TABLE "testNs" RENAME TO "newname";
ERROR:  Renaming hypertables is not yet supported
\set ON_ERROR_STOP 1
-- Test that renaming ordinary table works
CREATE TABLE renametable (foo int);
ALTER TABLE "renametable" RENAME TO "newname";
SELECT * FROM "newname";
 foo
-----
(0 rows)

SELECT * FROM _timescaledb_catalog.hypertable;
 id | schema_name |     table_name     | associated_schema_name | associated_table_prefix |  root_schema_name  | root_table_name | replication_factor | placement | time_column_name | time_column_type | created_on | chunk_size_bytes
----+-------------+--------------------+------------------------+-------------------------+--------------------+-----------------+--------------------+-----------+------------------+------------------+------------+------------------
  1 | public      | testNs             | testNs                 | _hyper_1                | testNs             | _hyper_1_root   |                  1 | STICKY    | timeCustom       | bigint           | single     |       1073741824
  2 | public      | chunk_closing_test | _timescaledb_internal     | _hyper_2                | _timescaledb_internal | _hyper_2_root   |                  1 | STICKY    | time             | bigint           | single     |            10000
(2 rows)

DROP TABLE "testNs";
NOTICE:  drop cascades to 4 other objects
DETAIL:  drop cascades to table "testNs"._hyper_1_0_replica
drop cascades to table "testNs"._hyper_1_1_0_partition
drop cascades to table "testNs"._hyper_1_1_0_1_data
drop cascades to table "testNs"._hyper_1_1_0_2_data
NOTICE:  index "1-testNs_device_id_timeCustom_idx" does not exist, skipping
NOTICE:  index "6-testNs_device_id_timeCustom_idx" does not exist, skipping
NOTICE:  index "2-testNs_timeCustom_series_0_idx" does not exist, skipping
NOTICE:  index "7-testNs_timeCustom_series_0_idx" does not exist, skipping
NOTICE:  index "3-testNs_timeCustom_series_1_idx" does not exist, skipping
NOTICE:  index "8-testNs_timeCustom_series_1_idx" does not exist, skipping
NOTICE:  index "4-testNs_timeCustom_series_2_idx" does not exist, skipping
NOTICE:  index "9-testNs_timeCustom_series_2_idx" does not exist, skipping
NOTICE:  index "5-testNs_timeCustom_series_bool_idx" does not exist, skipping
NOTICE:  index "10-testNs_timeCustom_series_bool_idx" does not exist, skipping
SELECT * FROM _timescaledb_catalog.hypertable;
 id | schema_name |     table_name     | associated_schema_name | associated_table_prefix |  root_schema_name  | root_table_name | replication_factor | placement | time_column_name | time_column_type | created_on | chunk_size_bytes
----+-------------+--------------------+------------------------+-------------------------+--------------------+-----------------+--------------------+-----------+------------------+------------------+------------+------------------
  2 | public      | chunk_closing_test | _timescaledb_internal     | _hyper_2                | _timescaledb_internal | _hyper_2_root   |                  1 | STICKY    | time             | bigint           | single     |            10000
(1 row)

\dt  "public".*
               List of relations
 Schema |        Name        | Type  |  Owner
--------+--------------------+-------+----------
 public | chunk_closing_test | table | postgres
 public | newname            | table | postgres
(2 rows)

\dt  "_timescaledb_catalog".*
                        List of relations
      Schema       |           Name            | Type  |  Owner
-------------------+---------------------------+-------+----------
 _timescaledb_catalog | chunk                     | table | postgres
 _timescaledb_catalog | chunk_replica_node        | table | postgres
 _timescaledb_catalog | chunk_replica_node_index  | table | postgres
 _timescaledb_catalog | cluster_user              | table | postgres
 _timescaledb_catalog | default_replica_node      | table | postgres
 _timescaledb_catalog | deleted_hypertable        | table | postgres
 _timescaledb_catalog | deleted_hypertable_column | table | postgres
 _timescaledb_catalog | deleted_hypertable_index  | table | postgres
 _timescaledb_catalog | hypertable                | table | postgres
 _timescaledb_catalog | hypertable_column         | table | postgres
 _timescaledb_catalog | hypertable_index          | table | postgres
 _timescaledb_catalog | hypertable_replica        | table | postgres
 _timescaledb_catalog | meta                      | table | postgres
 _timescaledb_catalog | node                      | table | postgres
 _timescaledb_catalog | partition                 | table | postgres
 _timescaledb_catalog | partition_epoch           | table | postgres
 _timescaledb_catalog | partition_replica         | table | postgres
(17 rows)

\dt+ "_timescaledb_internal".*
                                     List of relations
       Schema       |          Name          | Type  |  Owner   |    Size    | Description
--------------------+------------------------+-------+----------+------------+-------------
 _timescaledb_internal | _hyper_2_0_replica     | table | postgres | 8192 bytes |
 _timescaledb_internal | _hyper_2_2_0_3_data    | table | postgres | 16 kB      |
 _timescaledb_internal | _hyper_2_2_0_4_data    | table | postgres | 16 kB      |
 _timescaledb_internal | _hyper_2_2_0_5_data    | table | postgres | 16 kB      |
 _timescaledb_internal | _hyper_2_2_0_partition | table | postgres | 8192 bytes |
 _timescaledb_internal | _hyper_2_root          | table | postgres | 8192 bytes |
(6 rows)
